// Jest Snapshot v1, https://goo.gl/fbAQLP

exports[`ApiLambdaStack should not have changed 1`] = `
Object {
  "Outputs": Object {
    "ApiLambdaStacklambdaApiLambdaStackgatewayEndpoint0EF4BC26": Object {
      "Value": Object {
        "Fn::Join": Array [
          "",
          Array [
            "https://",
            Object {
              "Ref": "ApiLambdaStacklambdaApiLambdaStackgateway53CD5C57",
            },
            ".execute-api.",
            Object {
              "Ref": "AWS::Region",
            },
            ".",
            Object {
              "Ref": "AWS::URLSuffix",
            },
            "/",
            Object {
              "Ref": "ApiLambdaStacklambdaApiLambdaStackgatewayDeploymentStageprod431F896B",
            },
            "/",
          ],
        ],
      },
    },
  },
  "Resources": Object {
    "ApiLambdaStacklambda318D37EE": Object {
      "DependsOn": Array [
        "ApiLambdaStacklambdaServiceRole67200453",
      ],
      "Properties": Object {
        "Code": Object {
          "ZipFile": "lambda",
        },
        "Handler": "handler",
        "Role": Object {
          "Fn::GetAtt": Array [
            "ApiLambdaStacklambdaServiceRole67200453",
            "Arn",
          ],
        },
        "Runtime": "nodejs12.x",
        "Timeout": 60,
      },
      "Type": "AWS::Lambda::Function",
    },
    "ApiLambdaStacklambdaApiLambdaStackgateway53CD5C57": Object {
      "Properties": Object {
        "Name": "ApiLambdaStack-gateway",
      },
      "Type": "AWS::ApiGateway::RestApi",
    },
    "ApiLambdaStacklambdaApiLambdaStackgatewayANYApiPermissionApiLambdaStackApiLambdaStacklambdaApiLambdaStackgateway05FC10D2ANYCF34A481": Object {
      "Properties": Object {
        "Action": "lambda:InvokeFunction",
        "FunctionName": Object {
          "Fn::GetAtt": Array [
            "ApiLambdaStacklambda318D37EE",
            "Arn",
          ],
        },
        "Principal": "apigateway.amazonaws.com",
        "SourceArn": Object {
          "Fn::Join": Array [
            "",
            Array [
              "arn:",
              Object {
                "Ref": "AWS::Partition",
              },
              ":execute-api:",
              Object {
                "Ref": "AWS::Region",
              },
              ":",
              Object {
                "Ref": "AWS::AccountId",
              },
              ":",
              Object {
                "Ref": "ApiLambdaStacklambdaApiLambdaStackgateway53CD5C57",
              },
              "/",
              Object {
                "Ref": "ApiLambdaStacklambdaApiLambdaStackgatewayDeploymentStageprod431F896B",
              },
              "/*/",
            ],
          ],
        },
      },
      "Type": "AWS::Lambda::Permission",
    },
    "ApiLambdaStacklambdaApiLambdaStackgatewayANYApiPermissionTestApiLambdaStackApiLambdaStacklambdaApiLambdaStackgateway05FC10D2ANY41C0E93E": Object {
      "Properties": Object {
        "Action": "lambda:InvokeFunction",
        "FunctionName": Object {
          "Fn::GetAtt": Array [
            "ApiLambdaStacklambda318D37EE",
            "Arn",
          ],
        },
        "Principal": "apigateway.amazonaws.com",
        "SourceArn": Object {
          "Fn::Join": Array [
            "",
            Array [
              "arn:",
              Object {
                "Ref": "AWS::Partition",
              },
              ":execute-api:",
              Object {
                "Ref": "AWS::Region",
              },
              ":",
              Object {
                "Ref": "AWS::AccountId",
              },
              ":",
              Object {
                "Ref": "ApiLambdaStacklambdaApiLambdaStackgateway53CD5C57",
              },
              "/test-invoke-stage/*/",
            ],
          ],
        },
      },
      "Type": "AWS::Lambda::Permission",
    },
    "ApiLambdaStacklambdaApiLambdaStackgatewayANYBF727FF9": Object {
      "Properties": Object {
        "AuthorizationType": "NONE",
        "HttpMethod": "ANY",
        "Integration": Object {
          "IntegrationHttpMethod": "POST",
          "Type": "AWS_PROXY",
          "Uri": Object {
            "Fn::Join": Array [
              "",
              Array [
                "arn:",
                Object {
                  "Ref": "AWS::Partition",
                },
                ":apigateway:",
                Object {
                  "Ref": "AWS::Region",
                },
                ":lambda:path/2015-03-31/functions/",
                Object {
                  "Fn::GetAtt": Array [
                    "ApiLambdaStacklambda318D37EE",
                    "Arn",
                  ],
                },
                "/invocations",
              ],
            ],
          },
        },
        "ResourceId": Object {
          "Fn::GetAtt": Array [
            "ApiLambdaStacklambdaApiLambdaStackgateway53CD5C57",
            "RootResourceId",
          ],
        },
        "RestApiId": Object {
          "Ref": "ApiLambdaStacklambdaApiLambdaStackgateway53CD5C57",
        },
      },
      "Type": "AWS::ApiGateway::Method",
    },
    "ApiLambdaStacklambdaApiLambdaStackgatewayAccount7F28B9A1": Object {
      "DependsOn": Array [
        "ApiLambdaStacklambdaApiLambdaStackgateway53CD5C57",
      ],
      "Properties": Object {
        "CloudWatchRoleArn": Object {
          "Fn::GetAtt": Array [
            "ApiLambdaStacklambdaApiLambdaStackgatewayCloudWatchRole3C624405",
            "Arn",
          ],
        },
      },
      "Type": "AWS::ApiGateway::Account",
    },
    "ApiLambdaStacklambdaApiLambdaStackgatewayCloudWatchRole3C624405": Object {
      "Properties": Object {
        "AssumeRolePolicyDocument": Object {
          "Statement": Array [
            Object {
              "Action": "sts:AssumeRole",
              "Effect": "Allow",
              "Principal": Object {
                "Service": "apigateway.amazonaws.com",
              },
            },
          ],
          "Version": "2012-10-17",
        },
        "ManagedPolicyArns": Array [
          Object {
            "Fn::Join": Array [
              "",
              Array [
                "arn:",
                Object {
                  "Ref": "AWS::Partition",
                },
                ":iam::aws:policy/service-role/AmazonAPIGatewayPushToCloudWatchLogs",
              ],
            ],
          },
        ],
      },
      "Type": "AWS::IAM::Role",
    },
    "ApiLambdaStacklambdaApiLambdaStackgatewayDeployment3457C902a29d49558ea851e7f1f3fd4284122992": Object {
      "DependsOn": Array [
        "ApiLambdaStacklambdaApiLambdaStackgatewayproxyANY9CA5408D",
        "ApiLambdaStacklambdaApiLambdaStackgatewayproxy112F276D",
        "ApiLambdaStacklambdaApiLambdaStackgatewayANYBF727FF9",
      ],
      "Properties": Object {
        "Description": "Automatically created by the RestApi construct",
        "RestApiId": Object {
          "Ref": "ApiLambdaStacklambdaApiLambdaStackgateway53CD5C57",
        },
      },
      "Type": "AWS::ApiGateway::Deployment",
    },
    "ApiLambdaStacklambdaApiLambdaStackgatewayDeploymentStageprod431F896B": Object {
      "Properties": Object {
        "DeploymentId": Object {
          "Ref": "ApiLambdaStacklambdaApiLambdaStackgatewayDeployment3457C902a29d49558ea851e7f1f3fd4284122992",
        },
        "RestApiId": Object {
          "Ref": "ApiLambdaStacklambdaApiLambdaStackgateway53CD5C57",
        },
        "StageName": "prod",
      },
      "Type": "AWS::ApiGateway::Stage",
    },
    "ApiLambdaStacklambdaApiLambdaStackgatewayproxy112F276D": Object {
      "Properties": Object {
        "ParentId": Object {
          "Fn::GetAtt": Array [
            "ApiLambdaStacklambdaApiLambdaStackgateway53CD5C57",
            "RootResourceId",
          ],
        },
        "PathPart": "{proxy+}",
        "RestApiId": Object {
          "Ref": "ApiLambdaStacklambdaApiLambdaStackgateway53CD5C57",
        },
      },
      "Type": "AWS::ApiGateway::Resource",
    },
    "ApiLambdaStacklambdaApiLambdaStackgatewayproxyANY9CA5408D": Object {
      "Properties": Object {
        "AuthorizationType": "NONE",
        "HttpMethod": "ANY",
        "Integration": Object {
          "IntegrationHttpMethod": "POST",
          "Type": "AWS_PROXY",
          "Uri": Object {
            "Fn::Join": Array [
              "",
              Array [
                "arn:",
                Object {
                  "Ref": "AWS::Partition",
                },
                ":apigateway:",
                Object {
                  "Ref": "AWS::Region",
                },
                ":lambda:path/2015-03-31/functions/",
                Object {
                  "Fn::GetAtt": Array [
                    "ApiLambdaStacklambda318D37EE",
                    "Arn",
                  ],
                },
                "/invocations",
              ],
            ],
          },
        },
        "ResourceId": Object {
          "Ref": "ApiLambdaStacklambdaApiLambdaStackgatewayproxy112F276D",
        },
        "RestApiId": Object {
          "Ref": "ApiLambdaStacklambdaApiLambdaStackgateway53CD5C57",
        },
      },
      "Type": "AWS::ApiGateway::Method",
    },
    "ApiLambdaStacklambdaApiLambdaStackgatewayproxyANYApiPermissionApiLambdaStackApiLambdaStacklambdaApiLambdaStackgateway05FC10D2ANYproxy86CD98B3": Object {
      "Properties": Object {
        "Action": "lambda:InvokeFunction",
        "FunctionName": Object {
          "Fn::GetAtt": Array [
            "ApiLambdaStacklambda318D37EE",
            "Arn",
          ],
        },
        "Principal": "apigateway.amazonaws.com",
        "SourceArn": Object {
          "Fn::Join": Array [
            "",
            Array [
              "arn:",
              Object {
                "Ref": "AWS::Partition",
              },
              ":execute-api:",
              Object {
                "Ref": "AWS::Region",
              },
              ":",
              Object {
                "Ref": "AWS::AccountId",
              },
              ":",
              Object {
                "Ref": "ApiLambdaStacklambdaApiLambdaStackgateway53CD5C57",
              },
              "/",
              Object {
                "Ref": "ApiLambdaStacklambdaApiLambdaStackgatewayDeploymentStageprod431F896B",
              },
              "/*/{proxy+}",
            ],
          ],
        },
      },
      "Type": "AWS::Lambda::Permission",
    },
    "ApiLambdaStacklambdaApiLambdaStackgatewayproxyANYApiPermissionTestApiLambdaStackApiLambdaStacklambdaApiLambdaStackgateway05FC10D2ANYproxyCEE98B8B": Object {
      "Properties": Object {
        "Action": "lambda:InvokeFunction",
        "FunctionName": Object {
          "Fn::GetAtt": Array [
            "ApiLambdaStacklambda318D37EE",
            "Arn",
          ],
        },
        "Principal": "apigateway.amazonaws.com",
        "SourceArn": Object {
          "Fn::Join": Array [
            "",
            Array [
              "arn:",
              Object {
                "Ref": "AWS::Partition",
              },
              ":execute-api:",
              Object {
                "Ref": "AWS::Region",
              },
              ":",
              Object {
                "Ref": "AWS::AccountId",
              },
              ":",
              Object {
                "Ref": "ApiLambdaStacklambdaApiLambdaStackgateway53CD5C57",
              },
              "/test-invoke-stage/*/{proxy+}",
            ],
          ],
        },
      },
      "Type": "AWS::Lambda::Permission",
    },
    "ApiLambdaStacklambdaServiceRole67200453": Object {
      "Properties": Object {
        "AssumeRolePolicyDocument": Object {
          "Statement": Array [
            Object {
              "Action": "sts:AssumeRole",
              "Effect": "Allow",
              "Principal": Object {
                "Service": "lambda.amazonaws.com",
              },
            },
          ],
          "Version": "2012-10-17",
        },
        "ManagedPolicyArns": Array [
          Object {
            "Fn::Join": Array [
              "",
              Array [
                "arn:",
                Object {
                  "Ref": "AWS::Partition",
                },
                ":iam::aws:policy/service-role/AWSLambdaBasicExecutionRole",
              ],
            ],
          },
        ],
      },
      "Type": "AWS::IAM::Role",
    },
  },
}
`;
