// Jest Snapshot v1, https://goo.gl/fbAQLP

exports[`LambdaWithGatewayStack should not have changed 1`] = `
Object {
  "Outputs": Object {
    "lambdaLambdaWithGatewayStackgatewayEndpoint90C2BBC4": Object {
      "Value": Object {
        "Fn::Join": Array [
          "",
          Array [
            "https://",
            Object {
              "Ref": "lambdaLambdaWithGatewayStackgatewayF952C0E2",
            },
            ".execute-api.",
            Object {
              "Ref": "AWS::Region",
            },
            ".",
            Object {
              "Ref": "AWS::URLSuffix",
            },
            "/",
            Object {
              "Ref": "lambdaLambdaWithGatewayStackgatewayDeploymentStageprod2C4B10B2",
            },
            "/",
          ],
        ],
      },
    },
  },
  "Resources": Object {
    "lambda8B5974B5": Object {
      "DependsOn": Array [
        "lambdaServiceRole494E4CA6",
      ],
      "Properties": Object {
        "Code": Object {
          "ZipFile": "lambda",
        },
        "Handler": "handler",
        "Role": Object {
          "Fn::GetAtt": Array [
            "lambdaServiceRole494E4CA6",
            "Arn",
          ],
        },
        "Runtime": "nodejs12.x",
        "Timeout": 60,
      },
      "Type": "AWS::Lambda::Function",
    },
    "lambdaLambdaWithGatewayStackgatewayANYApiPermissionLambdaWithGatewayStacklambdaLambdaWithGatewayStackgateway449A63C3ANY2B4953CE": Object {
      "Properties": Object {
        "Action": "lambda:InvokeFunction",
        "FunctionName": Object {
          "Fn::GetAtt": Array [
            "lambda8B5974B5",
            "Arn",
          ],
        },
        "Principal": "apigateway.amazonaws.com",
        "SourceArn": Object {
          "Fn::Join": Array [
            "",
            Array [
              "arn:",
              Object {
                "Ref": "AWS::Partition",
              },
              ":execute-api:",
              Object {
                "Ref": "AWS::Region",
              },
              ":",
              Object {
                "Ref": "AWS::AccountId",
              },
              ":",
              Object {
                "Ref": "lambdaLambdaWithGatewayStackgatewayF952C0E2",
              },
              "/",
              Object {
                "Ref": "lambdaLambdaWithGatewayStackgatewayDeploymentStageprod2C4B10B2",
              },
              "/*/",
            ],
          ],
        },
      },
      "Type": "AWS::Lambda::Permission",
    },
    "lambdaLambdaWithGatewayStackgatewayANYApiPermissionTestLambdaWithGatewayStacklambdaLambdaWithGatewayStackgateway449A63C3ANY54A47B54": Object {
      "Properties": Object {
        "Action": "lambda:InvokeFunction",
        "FunctionName": Object {
          "Fn::GetAtt": Array [
            "lambda8B5974B5",
            "Arn",
          ],
        },
        "Principal": "apigateway.amazonaws.com",
        "SourceArn": Object {
          "Fn::Join": Array [
            "",
            Array [
              "arn:",
              Object {
                "Ref": "AWS::Partition",
              },
              ":execute-api:",
              Object {
                "Ref": "AWS::Region",
              },
              ":",
              Object {
                "Ref": "AWS::AccountId",
              },
              ":",
              Object {
                "Ref": "lambdaLambdaWithGatewayStackgatewayF952C0E2",
              },
              "/test-invoke-stage/*/",
            ],
          ],
        },
      },
      "Type": "AWS::Lambda::Permission",
    },
    "lambdaLambdaWithGatewayStackgatewayANYE02DCF15": Object {
      "Properties": Object {
        "AuthorizationType": "NONE",
        "HttpMethod": "ANY",
        "Integration": Object {
          "IntegrationHttpMethod": "POST",
          "Type": "AWS_PROXY",
          "Uri": Object {
            "Fn::Join": Array [
              "",
              Array [
                "arn:",
                Object {
                  "Ref": "AWS::Partition",
                },
                ":apigateway:",
                Object {
                  "Ref": "AWS::Region",
                },
                ":lambda:path/2015-03-31/functions/",
                Object {
                  "Fn::GetAtt": Array [
                    "lambda8B5974B5",
                    "Arn",
                  ],
                },
                "/invocations",
              ],
            ],
          },
        },
        "ResourceId": Object {
          "Fn::GetAtt": Array [
            "lambdaLambdaWithGatewayStackgatewayF952C0E2",
            "RootResourceId",
          ],
        },
        "RestApiId": Object {
          "Ref": "lambdaLambdaWithGatewayStackgatewayF952C0E2",
        },
      },
      "Type": "AWS::ApiGateway::Method",
    },
    "lambdaLambdaWithGatewayStackgatewayAccount39B9222B": Object {
      "DependsOn": Array [
        "lambdaLambdaWithGatewayStackgatewayF952C0E2",
      ],
      "Properties": Object {
        "CloudWatchRoleArn": Object {
          "Fn::GetAtt": Array [
            "lambdaLambdaWithGatewayStackgatewayCloudWatchRole13AD78D9",
            "Arn",
          ],
        },
      },
      "Type": "AWS::ApiGateway::Account",
    },
    "lambdaLambdaWithGatewayStackgatewayCloudWatchRole13AD78D9": Object {
      "Properties": Object {
        "AssumeRolePolicyDocument": Object {
          "Statement": Array [
            Object {
              "Action": "sts:AssumeRole",
              "Effect": "Allow",
              "Principal": Object {
                "Service": "apigateway.amazonaws.com",
              },
            },
          ],
          "Version": "2012-10-17",
        },
        "ManagedPolicyArns": Array [
          Object {
            "Fn::Join": Array [
              "",
              Array [
                "arn:",
                Object {
                  "Ref": "AWS::Partition",
                },
                ":iam::aws:policy/service-role/AmazonAPIGatewayPushToCloudWatchLogs",
              ],
            ],
          },
        ],
      },
      "Type": "AWS::IAM::Role",
    },
    "lambdaLambdaWithGatewayStackgatewayDeploymentAFB597702e335da59275178a9e0e37ecec5fc867": Object {
      "DependsOn": Array [
        "lambdaLambdaWithGatewayStackgatewayproxyANYA15F7DAB",
        "lambdaLambdaWithGatewayStackgatewayproxyF27A8E96",
        "lambdaLambdaWithGatewayStackgatewayANYE02DCF15",
      ],
      "Properties": Object {
        "Description": "Automatically created by the RestApi construct",
        "RestApiId": Object {
          "Ref": "lambdaLambdaWithGatewayStackgatewayF952C0E2",
        },
      },
      "Type": "AWS::ApiGateway::Deployment",
    },
    "lambdaLambdaWithGatewayStackgatewayDeploymentStageprod2C4B10B2": Object {
      "Properties": Object {
        "DeploymentId": Object {
          "Ref": "lambdaLambdaWithGatewayStackgatewayDeploymentAFB597702e335da59275178a9e0e37ecec5fc867",
        },
        "RestApiId": Object {
          "Ref": "lambdaLambdaWithGatewayStackgatewayF952C0E2",
        },
        "StageName": "prod",
      },
      "Type": "AWS::ApiGateway::Stage",
    },
    "lambdaLambdaWithGatewayStackgatewayF952C0E2": Object {
      "Properties": Object {
        "Name": "LambdaWithGatewayStack-gateway",
      },
      "Type": "AWS::ApiGateway::RestApi",
    },
    "lambdaLambdaWithGatewayStackgatewayproxyANYA15F7DAB": Object {
      "Properties": Object {
        "AuthorizationType": "NONE",
        "HttpMethod": "ANY",
        "Integration": Object {
          "IntegrationHttpMethod": "POST",
          "Type": "AWS_PROXY",
          "Uri": Object {
            "Fn::Join": Array [
              "",
              Array [
                "arn:",
                Object {
                  "Ref": "AWS::Partition",
                },
                ":apigateway:",
                Object {
                  "Ref": "AWS::Region",
                },
                ":lambda:path/2015-03-31/functions/",
                Object {
                  "Fn::GetAtt": Array [
                    "lambda8B5974B5",
                    "Arn",
                  ],
                },
                "/invocations",
              ],
            ],
          },
        },
        "ResourceId": Object {
          "Ref": "lambdaLambdaWithGatewayStackgatewayproxyF27A8E96",
        },
        "RestApiId": Object {
          "Ref": "lambdaLambdaWithGatewayStackgatewayF952C0E2",
        },
      },
      "Type": "AWS::ApiGateway::Method",
    },
    "lambdaLambdaWithGatewayStackgatewayproxyANYApiPermissionLambdaWithGatewayStacklambdaLambdaWithGatewayStackgateway449A63C3ANYproxy665D0BDE": Object {
      "Properties": Object {
        "Action": "lambda:InvokeFunction",
        "FunctionName": Object {
          "Fn::GetAtt": Array [
            "lambda8B5974B5",
            "Arn",
          ],
        },
        "Principal": "apigateway.amazonaws.com",
        "SourceArn": Object {
          "Fn::Join": Array [
            "",
            Array [
              "arn:",
              Object {
                "Ref": "AWS::Partition",
              },
              ":execute-api:",
              Object {
                "Ref": "AWS::Region",
              },
              ":",
              Object {
                "Ref": "AWS::AccountId",
              },
              ":",
              Object {
                "Ref": "lambdaLambdaWithGatewayStackgatewayF952C0E2",
              },
              "/",
              Object {
                "Ref": "lambdaLambdaWithGatewayStackgatewayDeploymentStageprod2C4B10B2",
              },
              "/*/{proxy+}",
            ],
          ],
        },
      },
      "Type": "AWS::Lambda::Permission",
    },
    "lambdaLambdaWithGatewayStackgatewayproxyANYApiPermissionTestLambdaWithGatewayStacklambdaLambdaWithGatewayStackgateway449A63C3ANYproxy11592135": Object {
      "Properties": Object {
        "Action": "lambda:InvokeFunction",
        "FunctionName": Object {
          "Fn::GetAtt": Array [
            "lambda8B5974B5",
            "Arn",
          ],
        },
        "Principal": "apigateway.amazonaws.com",
        "SourceArn": Object {
          "Fn::Join": Array [
            "",
            Array [
              "arn:",
              Object {
                "Ref": "AWS::Partition",
              },
              ":execute-api:",
              Object {
                "Ref": "AWS::Region",
              },
              ":",
              Object {
                "Ref": "AWS::AccountId",
              },
              ":",
              Object {
                "Ref": "lambdaLambdaWithGatewayStackgatewayF952C0E2",
              },
              "/test-invoke-stage/*/{proxy+}",
            ],
          ],
        },
      },
      "Type": "AWS::Lambda::Permission",
    },
    "lambdaLambdaWithGatewayStackgatewayproxyF27A8E96": Object {
      "Properties": Object {
        "ParentId": Object {
          "Fn::GetAtt": Array [
            "lambdaLambdaWithGatewayStackgatewayF952C0E2",
            "RootResourceId",
          ],
        },
        "PathPart": "{proxy+}",
        "RestApiId": Object {
          "Ref": "lambdaLambdaWithGatewayStackgatewayF952C0E2",
        },
      },
      "Type": "AWS::ApiGateway::Resource",
    },
    "lambdaServiceRole494E4CA6": Object {
      "Properties": Object {
        "AssumeRolePolicyDocument": Object {
          "Statement": Array [
            Object {
              "Action": "sts:AssumeRole",
              "Effect": "Allow",
              "Principal": Object {
                "Service": "lambda.amazonaws.com",
              },
            },
          ],
          "Version": "2012-10-17",
        },
        "ManagedPolicyArns": Array [
          Object {
            "Fn::Join": Array [
              "",
              Array [
                "arn:",
                Object {
                  "Ref": "AWS::Partition",
                },
                ":iam::aws:policy/service-role/AWSLambdaBasicExecutionRole",
              ],
            ],
          },
        ],
      },
      "Type": "AWS::IAM::Role",
    },
  },
}
`;
