// Jest Snapshot v1, https://goo.gl/fbAQLP

exports[`LambdaWithGateway should not have changed 1`] = `
Object {
  "Outputs": Object {
    "lambdagatewayEndpoint96AC7BF8": Object {
      "Value": Object {
        "Fn::Join": Array [
          "",
          Array [
            "https://",
            Object {
              "Ref": "lambdagateway3457EE9E",
            },
            ".execute-api.",
            Object {
              "Ref": "AWS::Region",
            },
            ".",
            Object {
              "Ref": "AWS::URLSuffix",
            },
            "/",
            Object {
              "Ref": "lambdagatewayDeploymentStageprod586EB715",
            },
            "/",
          ],
        ],
      },
    },
  },
  "Resources": Object {
    "lambda8B5974B5": Object {
      "DependsOn": Array [
        "lambdaServiceRole494E4CA6",
      ],
      "Properties": Object {
        "Code": Object {
          "ZipFile": "lambda",
        },
        "Handler": "handler",
        "Role": Object {
          "Fn::GetAtt": Array [
            "lambdaServiceRole494E4CA6",
            "Arn",
          ],
        },
        "Runtime": "nodejs12.x",
        "Timeout": 60,
      },
      "Type": "AWS::Lambda::Function",
    },
    "lambdaServiceRole494E4CA6": Object {
      "Properties": Object {
        "AssumeRolePolicyDocument": Object {
          "Statement": Array [
            Object {
              "Action": "sts:AssumeRole",
              "Effect": "Allow",
              "Principal": Object {
                "Service": "lambda.amazonaws.com",
              },
            },
          ],
          "Version": "2012-10-17",
        },
        "ManagedPolicyArns": Array [
          Object {
            "Fn::Join": Array [
              "",
              Array [
                "arn:",
                Object {
                  "Ref": "AWS::Partition",
                },
                ":iam::aws:policy/service-role/AWSLambdaBasicExecutionRole",
              ],
            ],
          },
        ],
      },
      "Type": "AWS::IAM::Role",
    },
    "lambdagateway3457EE9E": Object {
      "Properties": Object {
        "Name": "-gateway",
      },
      "Type": "AWS::ApiGateway::RestApi",
    },
    "lambdagatewayANY0DE79E5A": Object {
      "Properties": Object {
        "AuthorizationType": "NONE",
        "HttpMethod": "ANY",
        "Integration": Object {
          "IntegrationHttpMethod": "POST",
          "Type": "AWS_PROXY",
          "Uri": Object {
            "Fn::Join": Array [
              "",
              Array [
                "arn:",
                Object {
                  "Ref": "AWS::Partition",
                },
                ":apigateway:",
                Object {
                  "Ref": "AWS::Region",
                },
                ":lambda:path/2015-03-31/functions/",
                Object {
                  "Fn::GetAtt": Array [
                    "lambda8B5974B5",
                    "Arn",
                  ],
                },
                "/invocations",
              ],
            ],
          },
        },
        "ResourceId": Object {
          "Fn::GetAtt": Array [
            "lambdagateway3457EE9E",
            "RootResourceId",
          ],
        },
        "RestApiId": Object {
          "Ref": "lambdagateway3457EE9E",
        },
      },
      "Type": "AWS::ApiGateway::Method",
    },
    "lambdagatewayANYApiPermissionTestlambdagatewayAF0DAC9DANYD15DFB62": Object {
      "Properties": Object {
        "Action": "lambda:InvokeFunction",
        "FunctionName": Object {
          "Fn::GetAtt": Array [
            "lambda8B5974B5",
            "Arn",
          ],
        },
        "Principal": "apigateway.amazonaws.com",
        "SourceArn": Object {
          "Fn::Join": Array [
            "",
            Array [
              "arn:",
              Object {
                "Ref": "AWS::Partition",
              },
              ":execute-api:",
              Object {
                "Ref": "AWS::Region",
              },
              ":",
              Object {
                "Ref": "AWS::AccountId",
              },
              ":",
              Object {
                "Ref": "lambdagateway3457EE9E",
              },
              "/test-invoke-stage/*/",
            ],
          ],
        },
      },
      "Type": "AWS::Lambda::Permission",
    },
    "lambdagatewayANYApiPermissionlambdagatewayAF0DAC9DANY26361B73": Object {
      "Properties": Object {
        "Action": "lambda:InvokeFunction",
        "FunctionName": Object {
          "Fn::GetAtt": Array [
            "lambda8B5974B5",
            "Arn",
          ],
        },
        "Principal": "apigateway.amazonaws.com",
        "SourceArn": Object {
          "Fn::Join": Array [
            "",
            Array [
              "arn:",
              Object {
                "Ref": "AWS::Partition",
              },
              ":execute-api:",
              Object {
                "Ref": "AWS::Region",
              },
              ":",
              Object {
                "Ref": "AWS::AccountId",
              },
              ":",
              Object {
                "Ref": "lambdagateway3457EE9E",
              },
              "/",
              Object {
                "Ref": "lambdagatewayDeploymentStageprod586EB715",
              },
              "/*/",
            ],
          ],
        },
      },
      "Type": "AWS::Lambda::Permission",
    },
    "lambdagatewayAccount93E2337C": Object {
      "DependsOn": Array [
        "lambdagateway3457EE9E",
      ],
      "Properties": Object {
        "CloudWatchRoleArn": Object {
          "Fn::GetAtt": Array [
            "lambdagatewayCloudWatchRole29857F47",
            "Arn",
          ],
        },
      },
      "Type": "AWS::ApiGateway::Account",
    },
    "lambdagatewayCloudWatchRole29857F47": Object {
      "Properties": Object {
        "AssumeRolePolicyDocument": Object {
          "Statement": Array [
            Object {
              "Action": "sts:AssumeRole",
              "Effect": "Allow",
              "Principal": Object {
                "Service": "apigateway.amazonaws.com",
              },
            },
          ],
          "Version": "2012-10-17",
        },
        "ManagedPolicyArns": Array [
          Object {
            "Fn::Join": Array [
              "",
              Array [
                "arn:",
                Object {
                  "Ref": "AWS::Partition",
                },
                ":iam::aws:policy/service-role/AmazonAPIGatewayPushToCloudWatchLogs",
              ],
            ],
          },
        ],
      },
      "Type": "AWS::IAM::Role",
    },
    "lambdagatewayDeployment88A27E7Bac4a73df04b25e62af32df7386ea9825": Object {
      "DependsOn": Array [
        "lambdagatewayproxyANY7FFB07AF",
        "lambdagatewayproxyB5A2067F",
        "lambdagatewayANY0DE79E5A",
      ],
      "Properties": Object {
        "Description": "Automatically created by the RestApi construct",
        "RestApiId": Object {
          "Ref": "lambdagateway3457EE9E",
        },
      },
      "Type": "AWS::ApiGateway::Deployment",
    },
    "lambdagatewayDeploymentStageprod586EB715": Object {
      "Properties": Object {
        "DeploymentId": Object {
          "Ref": "lambdagatewayDeployment88A27E7Bac4a73df04b25e62af32df7386ea9825",
        },
        "RestApiId": Object {
          "Ref": "lambdagateway3457EE9E",
        },
        "StageName": "prod",
      },
      "Type": "AWS::ApiGateway::Stage",
    },
    "lambdagatewayproxyANY7FFB07AF": Object {
      "Properties": Object {
        "AuthorizationType": "NONE",
        "HttpMethod": "ANY",
        "Integration": Object {
          "IntegrationHttpMethod": "POST",
          "Type": "AWS_PROXY",
          "Uri": Object {
            "Fn::Join": Array [
              "",
              Array [
                "arn:",
                Object {
                  "Ref": "AWS::Partition",
                },
                ":apigateway:",
                Object {
                  "Ref": "AWS::Region",
                },
                ":lambda:path/2015-03-31/functions/",
                Object {
                  "Fn::GetAtt": Array [
                    "lambda8B5974B5",
                    "Arn",
                  ],
                },
                "/invocations",
              ],
            ],
          },
        },
        "ResourceId": Object {
          "Ref": "lambdagatewayproxyB5A2067F",
        },
        "RestApiId": Object {
          "Ref": "lambdagateway3457EE9E",
        },
      },
      "Type": "AWS::ApiGateway::Method",
    },
    "lambdagatewayproxyANYApiPermissionTestlambdagatewayAF0DAC9DANYproxy585735E6": Object {
      "Properties": Object {
        "Action": "lambda:InvokeFunction",
        "FunctionName": Object {
          "Fn::GetAtt": Array [
            "lambda8B5974B5",
            "Arn",
          ],
        },
        "Principal": "apigateway.amazonaws.com",
        "SourceArn": Object {
          "Fn::Join": Array [
            "",
            Array [
              "arn:",
              Object {
                "Ref": "AWS::Partition",
              },
              ":execute-api:",
              Object {
                "Ref": "AWS::Region",
              },
              ":",
              Object {
                "Ref": "AWS::AccountId",
              },
              ":",
              Object {
                "Ref": "lambdagateway3457EE9E",
              },
              "/test-invoke-stage/*/{proxy+}",
            ],
          ],
        },
      },
      "Type": "AWS::Lambda::Permission",
    },
    "lambdagatewayproxyANYApiPermissionlambdagatewayAF0DAC9DANYproxy46100D85": Object {
      "Properties": Object {
        "Action": "lambda:InvokeFunction",
        "FunctionName": Object {
          "Fn::GetAtt": Array [
            "lambda8B5974B5",
            "Arn",
          ],
        },
        "Principal": "apigateway.amazonaws.com",
        "SourceArn": Object {
          "Fn::Join": Array [
            "",
            Array [
              "arn:",
              Object {
                "Ref": "AWS::Partition",
              },
              ":execute-api:",
              Object {
                "Ref": "AWS::Region",
              },
              ":",
              Object {
                "Ref": "AWS::AccountId",
              },
              ":",
              Object {
                "Ref": "lambdagateway3457EE9E",
              },
              "/",
              Object {
                "Ref": "lambdagatewayDeploymentStageprod586EB715",
              },
              "/*/{proxy+}",
            ],
          ],
        },
      },
      "Type": "AWS::Lambda::Permission",
    },
    "lambdagatewayproxyB5A2067F": Object {
      "Properties": Object {
        "ParentId": Object {
          "Fn::GetAtt": Array [
            "lambdagateway3457EE9E",
            "RootResourceId",
          ],
        },
        "PathPart": "{proxy+}",
        "RestApiId": Object {
          "Ref": "lambdagateway3457EE9E",
        },
      },
      "Type": "AWS::ApiGateway::Resource",
    },
  },
}
`;
